Archive member included to satisfy reference by file (symbol)

C:/ST/STM32CubeIDE_1.13.2/STM32CubeIDE/plugins/com.st.stm32cube.ide.mcu.externaltools.gnu-tools-for-stm32.11.3.rel1.win32_1.1.1.202309131626/tools/bin/../lib/gcc/arm-none-eabi/11.3.1/../../../../arm-none-eabi/lib/thumb/v7e-m+dp/hard\libc_nano.a(libc_a-exit.o)
                              C:/ST/STM32CubeIDE_1.13.2/STM32CubeIDE/plugins/com.st.stm32cube.ide.mcu.externaltools.gnu-tools-for-stm32.11.3.rel1.win32_1.1.1.202309131626/tools/bin/../lib/gcc/arm-none-eabi/11.3.1/../../../../arm-none-eabi/lib/thumb/v7e-m+dp/hard/crt0.o (exit)
C:/ST/STM32CubeIDE_1.13.2/STM32CubeIDE/plugins/com.st.stm32cube.ide.mcu.externaltools.gnu-tools-for-stm32.11.3.rel1.win32_1.1.1.202309131626/tools/bin/../lib/gcc/arm-none-eabi/11.3.1/../../../../arm-none-eabi/lib/thumb/v7e-m+dp/hard\libc_nano.a(libc_a-findfp.o)
                              C:/ST/STM32CubeIDE_1.13.2/STM32CubeIDE/plugins/com.st.stm32cube.ide.mcu.externaltools.gnu-tools-for-stm32.11.3.rel1.win32_1.1.1.202309131626/tools/bin/../lib/gcc/arm-none-eabi/11.3.1/../../../../arm-none-eabi/lib/thumb/v7e-m+dp/hard\libc_nano.a(libc_a-exit.o) (__stdio_exit_handler)
C:/ST/STM32CubeIDE_1.13.2/STM32CubeIDE/plugins/com.st.stm32cube.ide.mcu.externaltools.gnu-tools-for-stm32.11.3.rel1.win32_1.1.1.202309131626/tools/bin/../lib/gcc/arm-none-eabi/11.3.1/../../../../arm-none-eabi/lib/thumb/v7e-m+dp/hard\libc_nano.a(libc_a-fwalk.o)
                              C:/ST/STM32CubeIDE_1.13.2/STM32CubeIDE/plugins/com.st.stm32cube.ide.mcu.externaltools.gnu-tools-for-stm32.11.3.rel1.win32_1.1.1.202309131626/tools/bin/../lib/gcc/arm-none-eabi/11.3.1/../../../../arm-none-eabi/lib/thumb/v7e-m+dp/hard\libc_nano.a(libc_a-findfp.o) (_fwalk_sglue)
C:/ST/STM32CubeIDE_1.13.2/STM32CubeIDE/plugins/com.st.stm32cube.ide.mcu.externaltools.gnu-tools-for-stm32.11.3.rel1.win32_1.1.1.202309131626/tools/bin/../lib/gcc/arm-none-eabi/11.3.1/../../../../arm-none-eabi/lib/thumb/v7e-m+dp/hard\libc_nano.a(libc_a-stdio.o)
                              C:/ST/STM32CubeIDE_1.13.2/STM32CubeIDE/plugins/com.st.stm32cube.ide.mcu.externaltools.gnu-tools-for-stm32.11.3.rel1.win32_1.1.1.202309131626/tools/bin/../lib/gcc/arm-none-eabi/11.3.1/../../../../arm-none-eabi/lib/thumb/v7e-m+dp/hard\libc_nano.a(libc_a-findfp.o) (__sread)
C:/ST/STM32CubeIDE_1.13.2/STM32CubeIDE/plugins/com.st.stm32cube.ide.mcu.externaltools.gnu-tools-for-stm32.11.3.rel1.win32_1.1.1.202309131626/tools/bin/../lib/gcc/arm-none-eabi/11.3.1/../../../../arm-none-eabi/lib/thumb/v7e-m+dp/hard\libc_nano.a(libc_a-memset.o)
                              C:/ST/STM32CubeIDE_1.13.2/STM32CubeIDE/plugins/com.st.stm32cube.ide.mcu.externaltools.gnu-tools-for-stm32.11.3.rel1.win32_1.1.1.202309131626/tools/bin/../lib/gcc/arm-none-eabi/11.3.1/../../../../arm-none-eabi/lib/thumb/v7e-m+dp/hard/crt0.o (memset)
C:/ST/STM32CubeIDE_1.13.2/STM32CubeIDE/plugins/com.st.stm32cube.ide.mcu.externaltools.gnu-tools-for-stm32.11.3.rel1.win32_1.1.1.202309131626/tools/bin/../lib/gcc/arm-none-eabi/11.3.1/../../../../arm-none-eabi/lib/thumb/v7e-m+dp/hard\libc_nano.a(libc_a-closer.o)
                              C:/ST/STM32CubeIDE_1.13.2/STM32CubeIDE/plugins/com.st.stm32cube.ide.mcu.externaltools.gnu-tools-for-stm32.11.3.rel1.win32_1.1.1.202309131626/tools/bin/../lib/gcc/arm-none-eabi/11.3.1/../../../../arm-none-eabi/lib/thumb/v7e-m+dp/hard\libc_nano.a(libc_a-stdio.o) (_close_r)
C:/ST/STM32CubeIDE_1.13.2/STM32CubeIDE/plugins/com.st.stm32cube.ide.mcu.externaltools.gnu-tools-for-stm32.11.3.rel1.win32_1.1.1.202309131626/tools/bin/../lib/gcc/arm-none-eabi/11.3.1/../../../../arm-none-eabi/lib/thumb/v7e-m+dp/hard\libc_nano.a(libc_a-reent.o)
                              C:/ST/STM32CubeIDE_1.13.2/STM32CubeIDE/plugins/com.st.stm32cube.ide.mcu.externaltools.gnu-tools-for-stm32.11.3.rel1.win32_1.1.1.202309131626/tools/bin/../lib/gcc/arm-none-eabi/11.3.1/../../../../arm-none-eabi/lib/thumb/v7e-m+dp/hard\libc_nano.a(libc_a-closer.o) (errno)
C:/ST/STM32CubeIDE_1.13.2/STM32CubeIDE/plugins/com.st.stm32cube.ide.mcu.externaltools.gnu-tools-for-stm32.11.3.rel1.win32_1.1.1.202309131626/tools/bin/../lib/gcc/arm-none-eabi/11.3.1/../../../../arm-none-eabi/lib/thumb/v7e-m+dp/hard\libc_nano.a(libc_a-impure.o)
                              C:/ST/STM32CubeIDE_1.13.2/STM32CubeIDE/plugins/com.st.stm32cube.ide.mcu.externaltools.gnu-tools-for-stm32.11.3.rel1.win32_1.1.1.202309131626/tools/bin/../lib/gcc/arm-none-eabi/11.3.1/../../../../arm-none-eabi/lib/thumb/v7e-m+dp/hard\libc_nano.a(libc_a-reent.o) (_impure_ptr)
C:/ST/STM32CubeIDE_1.13.2/STM32CubeIDE/plugins/com.st.stm32cube.ide.mcu.externaltools.gnu-tools-for-stm32.11.3.rel1.win32_1.1.1.202309131626/tools/bin/../lib/gcc/arm-none-eabi/11.3.1/../../../../arm-none-eabi/lib/thumb/v7e-m+dp/hard\libc_nano.a(libc_a-lseekr.o)
[...]
Memory Configuration

Name             Origin             Length             Attributes
FLASH            0x0000000008000000 0x0000000000200000 xr
DTCMRAM          0x0000000020000000 0x0000000000020000 xrw
RAM_D1           0x0000000024000000 0x0000000000080000 xrw
RAM_D2           0x0000000030000000 0x0000000000048000 xrw
RAM_D3           0x0000000038000000 0x0000000000010000 xrw
ITCMRAM          0x0000000000000000 0x0000000000010000 xrw
*default*        0x0000000000000000 0xffffffffffffffff

Linker script and memory map

LOAD C:/ST/STM32CubeIDE_1.13.2/STM32CubeIDE/plugins/com.st.stm32cube.ide.mcu.externaltools.gnu-tools-for-stm32.11.3.rel1.win32_1.1.1.202309131626/tools/bin/../lib/gcc/arm-none-eabi/11.3.1/thumb/v7e-m+dp/hard/crti.o
LOAD C:/ST/STM32CubeIDE_1.13.2/STM32CubeIDE/plugins/com.st.stm32cube.ide.mcu.externaltools.gnu-tools-for-stm32.11.3.rel1.win32_1.1.1.202309131626/tools/bin/../lib/gcc/arm-none-eabi/11.3.1/thumb/v7e-m+dp/hard/crtbegin.o
LOAD C:/ST/STM32CubeIDE_1.13.2/STM32CubeIDE/plugins/com.st.stm32cube.ide.mcu.externaltools.gnu-tools-for-stm32.11.3.rel1.win32_1.1.1.202309131626/tools/bin/../lib/gcc/arm-none-eabi/11.3.1/../../../../arm-none-eabi/lib/thumb/v7e-m+dp/hard/crt0.o
LOAD ./Src/Q_BSP.o
LOAD ./Src/Q_delay.o
LOAD ./Src/main.o
LOAD ./Src/syscalls.o
LOAD ./Src/sysmem.o
LOAD ./Startup/startup_stm32h743zitx.o
START GROUP
LOAD C:/ST/STM32CubeIDE_1.13.2/STM32CubeIDE/plugins/com.st.stm32cube.ide.mcu.externaltools.gnu-tools-for-stm32.11.3.rel1.win32_1.1.1.202309131626/tools/bin/../lib/gcc/arm-none-eabi/11.3.1/../../../../arm-none-eabi/lib/thumb/v7e-m+dp/hard\libc_nano.a
LOAD C:/ST/STM32CubeIDE_1.13.2/STM32CubeIDE/plugins/com.st.stm32cube.ide.mcu.externaltools.gnu-tools-for-stm32.11.3.rel1.win32_1.1.1.202309131626/tools/bin/../lib/gcc/arm-none-eabi/11.3.1/../../../../arm-none-eabi/lib/thumb/v7e-m+dp/hard\libm.a
END GROUP
START GROUP
LOAD C:/ST/STM32CubeIDE_1.13.2/STM32CubeIDE/plugins/com.st.stm32cube.ide.mcu.externaltools.gnu-tools-for-stm32.11.3.rel1.win32_1.1.1.202309131626/tools/bin/../lib/gcc/arm-none-eabi/11.3.1/thumb/v7e-m+dp/hard\libgcc.a
LOAD C:/ST/STM32CubeIDE_1.13.2/STM32CubeIDE/plugins/com.st.stm32cube.ide.mcu.externaltools.gnu-tools-for-stm32.11.3.rel1.win32_1.1.1.202309131626/tools/bin/../lib/gcc/arm-none-eabi/11.3.1/../../../../arm-none-eabi/lib/thumb/v7e-m+dp/hard\libc_nano.a
END GROUP
START GROUP
LOAD C:/ST/STM32CubeIDE_1.13.2/STM32CubeIDE/plugins/com.st.stm32cube.ide.mcu.externaltools.gnu-tools-for-stm32.11.3.rel1.win32_1.1.1.202309131626/tools/bin/../lib/gcc/arm-none-eabi/11.3.1/thumb/v7e-m+dp/hard\libgcc.a
LOAD C:/ST/STM32CubeIDE_1.13.2/STM32CubeIDE/plugins/com.st.stm32cube.ide.mcu.externaltools.gnu-tools-for-stm32.11.3.rel1.win32_1.1.1.202309131626/tools/bin/../lib/gcc/arm-none-eabi/11.3.1/../../../../arm-none-eabi/lib/thumb/v7e-m+dp/hard\libc_nano.a
LOAD C:/ST/STM32CubeIDE_1.13.2/STM32CubeIDE/plugins/com.st.stm32cube.ide.mcu.externaltools.gnu-tools-for-stm32.11.3.rel1.win32_1.1.1.202309131626/tools/bin/../lib/gcc/arm-none-eabi/11.3.1/../../../../arm-none-eabi/lib/thumb/v7e-m+dp/hard\libnosys.a
END GROUP
START GROUP
LOAD C:/ST/STM32CubeIDE_1.13.2/STM32CubeIDE/plugins/com.st.stm32cube.ide.mcu.externaltools.gnu-tools-for-stm32.11.3.rel1.win32_1.1.1.202309131626/tools/bin/../lib/gcc/arm-none-eabi/11.3.1/thumb/v7e-m+dp/hard\libgcc.a
LOAD C:/ST/STM32CubeIDE_1.13.2/STM32CubeIDE/plugins/com.st.stm32cube.ide.mcu.externaltools.gnu-tools-for-stm32.11.3.rel1.win32_1.1.1.202309131626/tools/bin/../lib/gcc/arm-none-eabi/11.3.1/../../../../arm-none-eabi/lib/thumb/v7e-m+dp/hard\libc_nano.a
LOAD C:/ST/STM32CubeIDE_1.13.2/STM32CubeIDE/plugins/com.st.stm32cube.ide.mcu.externaltools.gnu-tools-for-stm32.11.3.rel1.win32_1.1.1.202309131626/tools/bin/../lib/gcc/arm-none-eabi/11.3.1/../../../../arm-none-eabi/lib/thumb/v7e-m+dp/hard\libnosys.a
END GROUP
LOAD C:/ST/STM32CubeIDE_1.13.2/STM32CubeIDE/plugins/com.st.stm32cube.ide.mcu.externaltools.gnu-tools-for-stm32.11.3.rel1.win32_1.1.1.202309131626/tools/bin/../lib/gcc/arm-none-eabi/11.3.1/thumb/v7e-m+dp/hard/crtend.o
LOAD C:/ST/STM32CubeIDE_1.13.2/STM32CubeIDE/plugins/com.st.stm32cube.ide.mcu.externaltools.gnu-tools-for-stm32.11.3.rel1.win32_1.1.1.202309131626/tools/bin/../lib/gcc/arm-none-eabi/11.3.1/thumb/v7e-m+dp/hard/crtn.o
                0x0000000024080000                _estack = (ORIGIN (RAM_D1) + LENGTH (RAM_D1))
                0x0000000000000200                _Min_Heap_Size = 0x200
                0x0000000000000400                _Min_Stack_Size = 0x400

.isr_vector     0x0000000008000000      0x298
                0x0000000008000000                . = ALIGN (0x4)
 *(.isr_vector)
 .isr_vector    0x0000000008000000      0x298 ./Startup/startup_stm32h743zitx.o
                0x0000000008000000                g_pfnVectors
                0x0000000008000298                . = ALIGN (0x4)

.text           0x0000000008000298      0x36c
                0x0000000008000298                . = ALIGN (0x4)
 *(.text)
 .text          0x0000000008000298       0x40 C:/ST/STM32CubeIDE_1.13.2/STM32CubeIDE/plugins/com.st.stm32cube.ide.mcu.externaltools.gnu-tools-for-stm32.11.3.rel1.win32_1.1.1.202309131626/tools/bin/../lib/gcc/arm-none-eabi/11.3.1/thumb/v7e-m+dp/hard/crtbegin.o
 *(.text*)
 .text.bsp_init
                0x00000000080002d8       0x9c ./Src/Q_BSP.o
                0x00000000080002d8                bsp_init
 .text.led      0x0000000008000374       0xf8 ./Src/Q_BSP.o
                0x0000000008000374                led
 .text.get_button_status
                0x000000000800046c       0x44 ./Src/Q_BSP.o
                0x000000000800046c                get_button_status
 .text.SysTick_Init
                0x00000000080004b0       0x20 ./Src/Q_delay.o
                0x00000000080004b0                SysTick_Init
 .text.SysTick_Handler
                0x00000000080004d0       0x1c ./Src/Q_delay.o
                0x00000000080004d0                SysTick_Handler
 .text.main     0x00000000080004ec       0x64 ./Src/main.o
                0x00000000080004ec                main
 .text.Reset_Handler
                0x0000000008000550       0x50 ./Startup/startup_stm32h743zitx.o
                0x0000000008000550                Reset_Handler
 .text.Default_Handler
                0x00000000080005a0        0x2 ./Startup/startup_stm32h743zitx.o
                0x00000000080005a0                EXTI2_IRQHandler
                0x00000000080005a0                TIM8_CC_IRQHandler
                0x00000000080005a0                DMA_STR2_IRQHandler
                0x00000000080005a0                DebugMon_Handler
                0x00000000080005a0                UART8_IRQHandler
                0x00000000080005a0                SPI4_IRQHandler
                0x00000000080005a0                HRTIM1_MST_IRQHandler
                0x00000000080005a0                HardFault_Handler
                0x00000000080005a0                DMA_STR5_IRQHandler
                0x00000000080005a0                HRTIM1_FLT_IRQHandler
                0x00000000080005a0                JPEG_IRQHandler
                0x00000000080005a0                DMA2_STR1_IRQHandler
                0x00000000080005a0                DMA2_STR5_IRQHandler
                0x00000000080005a0                HRTIM1_TIMD_IRQHandler
                0x00000000080005a0                PendSV_Handler
                0x00000000080005a0                NMI_Handler
                0x00000000080005a0                EXTI3_IRQHandler
                0x00000000080005a0                LPTIM4_IRQHandler
                0x00000000080005a0                TIM8_TRG_COM_TIM14_IRQHandler
                0x00000000080005a0                LPTIM2_IRQHandler
                0x00000000080005a0                DFSDM1_FLT1_IRQHandler
                0x00000000080005a0                DMAMUX2_OVR_IRQHandler
                0x00000000080005a0                TIM8_UP_TIM13_IRQHandler
                0x00000000080005a0                I2C3_ER_IRQHandler
                0x00000000080005a0                DFSDM1_FLT2_IRQHandler
                0x00000000080005a0                MDMA_IRQHandler
                0x00000000080005a0                LPTIM3_IRQHandler
                0x00000000080005a0                EXTI0_IRQHandler
                0x00000000080005a0                I2C2_EV_IRQHandler
                0x00000000080005a0                DMA_STR1_IRQHandler
                0x00000000080005a0                OTG_HS_WKUP_IRQHandler
                0x00000000080005a0                FDCAN1_IT1_IRQHandler
                0x00000000080005a0                UsageFault_Handler
                0x00000000080005a0                LTDC_ER_IRQHandler
                0x00000000080005a0                ADC1_2_IRQHandler
                0x00000000080005a0                SPI1_IRQHandler
                0x00000000080005a0                BDMA_CH2_IRQHandler
                0x00000000080005a0                TIM6_DAC_IRQHandler
                0x00000000080005a0                DCMI_IRQHandler
                0x00000000080005a0                HRTIM1_TIMC_IRQHandler
                0x00000000080005a0                SDMMC_IRQHandler
                0x00000000080005a0                RTC_ALARM_IRQHandler
                0x00000000080005a0                DMA_STR0_IRQHandler
                0x00000000080005a0                SAI2_IRQHandler
                0x00000000080005a0                DMA2_STR3_IRQHandler
                0x00000000080005a0                DFSDM1_FLT3_IRQHandler
                0x00000000080005a0                USART6_IRQHandler
                0x00000000080005a0                BDMA_CH5_IRQHandler
                0x00000000080005a0                TIM17_IRQHandler
                0x00000000080005a0                BDMA_CH6_IRQHandler
                0x00000000080005a0                USART3_IRQHandler
                0x00000000080005a0                WKUP_IRQHandler
                0x00000000080005a0                BDMA_CH3_IRQHandler
                0x00000000080005a0                LPTIM5_IRQHandler
                0x00000000080005a0                LPUART_IRQHandler
                0x00000000080005a0                UART5_IRQHandler
                0x00000000080005a0                ADC3_IRQHandler
                0x00000000080005a0                DMA_STR6_IRQHandler
                0x00000000080005a0                TIM4_IRQHandler
                0x00000000080005a0                QUADSPI_IRQHandler
                0x00000000080005a0                I2C1_EV_IRQHandler
                0x00000000080005a0                DMA1_STR7_IRQHandler
                0x00000000080005a0                TIM16_IRQHandler
                0x00000000080005a0                UART4_IRQHandler
                0x00000000080005a0                TIM3_IRQHandler
                0x00000000080005a0                RCC_IRQHandler
                0x00000000080005a0                TIM8_BRK_TIM12_IRQHandler
                0x00000000080005a0                TIM1_TRG_COM_IRQHandler
                0x00000000080005a0                Default_Handler
                0x00000000080005a0                HRTIM_TIMB_IRQHandler
                0x00000000080005a0                CEC_IRQHandler
                0x00000000080005a0                EXTI15_10_IRQHandler
                0x00000000080005a0                BDMA_CH4_IRQHandler
                0x00000000080005a0                DMA_STR3_IRQHandler
                0x00000000080005a0                HRTIM_TIME_IRQHandler
                0x00000000080005a0                HRTIM1_TIMA_IRQHandler
                0x00000000080005a0                SPI5_IRQHandler
                0x00000000080005a0                TIM7_IRQHandler
                0x00000000080005a0                SDMMC1_IRQHandler
                0x00000000080005a0                TIM5_IRQHandler
                0x00000000080005a0                SPDIF_IRQHandler
                0x00000000080005a0                TIM15_IRQHandler
                0x00000000080005a0                I2C3_EV_IRQHandler
                0x00000000080005a0                WWDG1_RST_IRQHandler
                0x00000000080005a0                EXTI9_5_IRQHandler
                0x00000000080005a0                DMA2_STR4_IRQHandler
                0x00000000080005a0                RTC_WKUP_IRQHandler
                0x00000000080005a0                DMA2_STR6_IRQHandler
                0x00000000080005a0                LTDC_IRQHandler
                0x00000000080005a0                SAI3_IRQHandler
                0x00000000080005a0                ETH_WKUP_IRQHandler
                0x00000000080005a0                PVD_PVM_IRQHandler
                0x00000000080005a0                BDMA_CH0_IRQHandler
                0x00000000080005a0                SPI2_IRQHandler
                0x00000000080005a0                OTG_HS_EP1_IN_IRQHandler
                0x00000000080005a0                MemManage_Handler
                0x00000000080005a0                DMA2_STR0_IRQHandler
                0x00000000080005a0                SVC_Handler
                0x00000000080005a0                CRS_IRQHandler
                0x00000000080005a0                EXTI4_IRQHandler
                0x00000000080005a0                DMAMUX1_OV_IRQHandler
                0x00000000080005a0                FDCAN2_IT1_IRQHandler
                0x00000000080005a0                DMA_STR4_IRQHandler
                0x00000000080005a0                COMP_IRQHandler
                0x00000000080005a0                DMA2_STR2_IRQHandler
                0x00000000080005a0                ETH_IRQHandler
                0x00000000080005a0                TIM1_UP_IRQHandler
                0x00000000080005a0                DMA2_STR7_IRQHandler
                0x00000000080005a0                OTG_HS_EP1_OUT_IRQHandler
                0x00000000080005a0                SPI6_IRQHandler
                0x00000000080005a0                MDIOS_IRQHandler
                0x00000000080005a0                I2C4_EV_IRQHandler
                0x00000000080005a0                FDCAN2_IT0_IRQHandler
                0x00000000080005a0                BDMA_CH7_IRQHandler
                0x00000000080005a0                FDCAN1_IT0_IRQHandler
                0x00000000080005a0                TIM2_IRQHandler
                0x00000000080005a0                HSEM0_IRQHandler
                0x00000000080005a0                OTG_FS_WKUP_IRQHandler
                0x00000000080005a0                OTG_HS_IRQHandler
                0x00000000080005a0                DMA2D_IRQHandler
                0x00000000080005a0                TIM1_BRK_IRQHandler
                0x00000000080005a0                EXTI1_IRQHandler
                0x00000000080005a0                OTG_FS_EP1_OUT_IRQHandler
                0x00000000080005a0                UART7_IRQHandler
                0x00000000080005a0                MDIOS_WKUP_IRQHandler
                0x00000000080005a0                USART2_IRQHandler
                0x00000000080005a0                DFSDM1_FLT0_IRQHandler
                0x00000000080005a0                SAI4_IRQHandler
                0x00000000080005a0                I2C2_ER_IRQHandler
                0x00000000080005a0                FLASH_IRQHandler
                0x00000000080005a0                WWDG1_IRQHandler
                0x00000000080005a0                BusFault_Handler
                0x00000000080005a0                USART1_IRQHandler
                0x00000000080005a0                OTG_FS_IRQHandler
                0x00000000080005a0                SPI3_IRQHandler
                0x00000000080005a0                OTG_FS_EP1_IN_IRQHandler
                0x00000000080005a0                I2C1_ER_IRQHandler
                0x00000000080005a0                FMC_IRQHandler
                0x00000000080005a0                BDMA_CH1_IRQHandler
                0x00000000080005a0                FDCAN_CAL_IRQHandler
                0x00000000080005a0                SWPMI1_IRQHandler
                0x00000000080005a0                LPTIM1_IRQHandler
                0x00000000080005a0                TIM_CC_IRQHandler
                0x00000000080005a0                I2C4_ER_IRQHandler
                0x00000000080005a0                SAI1_IRQHandler
                0x00000000080005a0                RTC_TAMP_STAMP_CSS_LSE_IRQHandler
 *fill*         0x00000000080005a2        0x2 
 .text.__libc_init_array
                0x00000000080005a4       0x48 C:/ST/STM32CubeIDE_1.13.2/STM32CubeIDE/plugins/com.st.stm32cube.ide.mcu.externaltools.gnu-tools-for-stm32.11.3.rel1.win32_1.1.1.202309131626/tools/bin/../lib/gcc/arm-none-eabi/11.3.1/../../../../arm-none-eabi/lib/thumb/v7e-m+dp/hard\libc_nano.a(libc_a-init.o)
                0x00000000080005a4                __libc_init_array
 *(.glue_7)
 .glue_7        0x00000000080005ec        0x0 linker stubs
 *(.glue_7t)
 .glue_7t       0x00000000080005ec        0x0 linker stubs
 *(.eh_frame)
 .eh_frame      0x00000000080005ec        0x0 C:/ST/STM32CubeIDE_1.13.2/STM32CubeIDE/plugins/com.st.stm32cube.ide.mcu.externaltools.gnu-tools-for-stm32.11.3.rel1.win32_1.1.1.202309131626/tools/bin/../lib/gcc/arm-none-eabi/11.3.1/thumb/v7e-m+dp/hard/crtbegin.o
 *(.init)
 .init          0x00000000080005ec        0x4 C:/ST/STM32CubeIDE_1.13.2/STM32CubeIDE/plugins/com.st.stm32cube.ide.mcu.externaltools.gnu-tools-for-stm32.11.3.rel1.win32_1.1.1.202309131626/tools/bin/../lib/gcc/arm-none-eabi/11.3.1/thumb/v7e-m+dp/hard/crti.o
                0x00000000080005ec                _init
 .init          0x00000000080005f0        0x8 C:/ST/STM32CubeIDE_1.13.2/STM32CubeIDE/plugins/com.st.stm32cube.ide.mcu.externaltools.gnu-tools-for-stm32.11.3.rel1.win32_1.1.1.202309131626/tools/bin/../lib/gcc/arm-none-eabi/11.3.1/thumb/v7e-m+dp/hard/crtn.o
 *(.fini)
 .fini          0x00000000080005f8        0x4 C:/ST/STM32CubeIDE_1.13.2/STM32CubeIDE/plugins/com.st.stm32cube.ide.mcu.externaltools.gnu-tools-for-stm32.11.3.rel1.win32_1.1.1.202309131626/tools/bin/../lib/gcc/arm-none-eabi/11.3.1/thumb/v7e-m+dp/hard/crti.o
                0x00000000080005f8                _fini
 .fini          0x00000000080005fc        0x8 C:/ST/STM32CubeIDE_1.13.2/STM32CubeIDE/plugins/com.st.stm32cube.ide.mcu.externaltools.gnu-tools-for-stm32.11.3.rel1.win32_1.1.1.202309131626/tools/bin/../lib/gcc/arm-none-eabi/11.3.1/thumb/v7e-m+dp/hard/crtn.o
                0x0000000008000604                . = ALIGN (0x4)
                0x0000000008000604                _etext = .

.vfp11_veneer   0x0000000008000604        0x0
 .vfp11_veneer  0x0000000008000604        0x0 linker stubs

.v4_bx          0x0000000008000604        0x0
 .v4_bx         0x0000000008000604        0x0 linker stubs

.iplt           0x0000000008000604        0x0
 .iplt          0x0000000008000604        0x0 C:/ST/STM32CubeIDE_1.13.2/STM32CubeIDE/plugins/com.st.stm32cube.ide.mcu.externaltools.gnu-tools-for-stm32.11.3.rel1.win32_1.1.1.202309131626/tools/bin/../lib/gcc/arm-none-eabi/11.3.1/thumb/v7e-m+dp/hard/crtbegin.o

.rel.dyn        0x0000000008000604        0x0
 .rel.iplt      0x0000000008000604        0x0 C:/ST/STM32CubeIDE_1.13.2/STM32CubeIDE/plugins/com.st.stm32cube.ide.mcu.externaltools.gnu-tools-for-stm32.11.3.rel1.win32_1.1.1.202309131626/tools/bin/../lib/gcc/arm-none-eabi/11.3.1/thumb/v7e-m+dp/hard/crtbegin.o

.rodata         0x0000000008000604        0x0
                0x0000000008000604                . = ALIGN (0x4)
 *(.rodata)
 *(.rodata*)
                0x0000000008000604                . = ALIGN (0x4)

.ARM.extab
 *(.ARM.extab* .gnu.linkonce.armextab.*)

.ARM            0x0000000008000604        0x0
                0x0000000008000604                __exidx_start = .
 *(.ARM.exidx*)
                0x0000000008000604                __exidx_end = .

.preinit_array  0x0000000008000604        0x0
                0x0000000008000604                PROVIDE (__preinit_array_start = .)
 *(.preinit_array*)
                0x0000000008000604                PROVIDE (__preinit_array_end = .)

.init_array     0x0000000008000604        0x4
                0x0000000008000604                PROVIDE (__init_array_start = .)
 *(SORT_BY_NAME(.init_array.*))
 *(.init_array*)
 .init_array    0x0000000008000604        0x4 C:/ST/STM32CubeIDE_1.13.2/STM32CubeIDE/plugins/com.st.stm32cube.ide.mcu.externaltools.gnu-tools-for-stm32.11.3.rel1.win32_1.1.1.202309131626/tools/bin/../lib/gcc/arm-none-eabi/11.3.1/thumb/v7e-m+dp/hard/crtbegin.o
                0x0000000008000608                PROVIDE (__init_array_end = .)

.fini_array     0x0000000008000608        0x4
                [!provide]                        PROVIDE (__fini_array_start = .)
 *(SORT_BY_NAME(.fini_array.*))
 *(.fini_array*)
 .fini_array    0x0000000008000608        0x4 C:/ST/STM32CubeIDE_1.13.2/STM32CubeIDE/plugins/com.st.stm32cube.ide.mcu.externaltools.gnu-tools-for-stm32.11.3.rel1.win32_1.1.1.202309131626/tools/bin/../lib/gcc/arm-none-eabi/11.3.1/thumb/v7e-m+dp/hard/crtbegin.o
                [!provide]                        PROVIDE (__fini_array_end = .)
                0x000000000800060c                _sidata = LOADADDR (.data)

.data           0x0000000024000000        0x4 load address 0x000000000800060c
                0x0000000024000000                . = ALIGN (0x4)
                0x0000000024000000                _sdata = .
 *(.data)
 *(.data*)
 .data.last_led
                0x0000000024000000        0x4 ./Src/main.o
                0x0000000024000000                last_led
 *(.RamFunc)
 *(.RamFunc*)
                0x0000000024000004                . = ALIGN (0x4)
                0x0000000024000004                _edata = .

.igot.plt       0x0000000024000004        0x0 load address 0x0000000008000610
 .igot.plt      0x0000000024000004        0x0 C:/ST/STM32CubeIDE_1.13.2/STM32CubeIDE/plugins/com.st.stm32cube.ide.mcu.externaltools.gnu-tools-for-stm32.11.3.rel1.win32_1.1.1.202309131626/tools/bin/../lib/gcc/arm-none-eabi/11.3.1/thumb/v7e-m+dp/hard/crtbegin.o
                0x0000000024000004                . = ALIGN (0x4)

.bss            0x0000000024000004       0x20 load address 0x0000000008000610
                0x0000000024000004                _sbss = .
                0x0000000024000004                __bss_start__ = _sbss
 *(.bss)
 .bss           0x0000000024000004       0x1c C:/ST/STM32CubeIDE_1.13.2/STM32CubeIDE/plugins/com.st.stm32cube.ide.mcu.externaltools.gnu-tools-for-stm32.11.3.rel1.win32_1.1.1.202309131626/tools/bin/../lib/gcc/arm-none-eabi/11.3.1/thumb/v7e-m+dp/hard/crtbegin.o
 *(.bss*)
 .bss._ms_counter
                0x0000000024000020        0x4 ./Src/Q_delay.o
                0x0000000024000020                _ms_counter
 *(COMMON)
                0x0000000024000024                . = ALIGN (0x4)
                0x0000000024000024                _ebss = .
                0x0000000024000024                __bss_end__ = _ebss

._user_heap_stack
                0x0000000024000024      0x604 load address 0x0000000008000610
                0x0000000024000028                . = ALIGN (0x8)
 *fill*         0x0000000024000024        0x4 
                [!provide]                        PROVIDE (end = .)
                0x0000000024000028                PROVIDE (_end = .)
                0x0000000024000228                . = (. + _Min_Heap_Size)
 *fill*         0x0000000024000028      0x200 
                0x0000000024000628                . = (. + _Min_Stack_Size)
 *fill*         0x0000000024000228      0x400 
                0x0000000024000628                . = ALIGN (0x8)

/DISCARD/
 libc.a(*)
 libm.a(*)
 libgcc.a(*)

.ARM.attributes
                0x0000000000000000       0x2e
 *(.ARM.attributes)
 .ARM.attributes
                0x0000000000000000       0x1e C:/ST/STM32CubeIDE_1.13.2/STM32CubeIDE/plugins/com.st.stm32cube.ide.mcu.externaltools.gnu-tools-for-stm32.11.3.rel1.win32_1.1.1.202309131626/tools/bin/../lib/gcc/arm-none-eabi/11.3.1/thumb/v7e-m+dp/hard/crti.o
 .ARM.attributes
                0x000000000000001e       0x32 C:/ST/STM32CubeIDE_1.13.2/STM32CubeIDE/plugins/com.st.stm32cube.ide.mcu.externaltools.gnu-tools-for-stm32.11.3.rel1.win32_1.1.1.202309131626/tools/bin/../lib/gcc/arm-none-eabi/11.3.1/thumb/v7e-m+dp/hard/crtbegin.o
 .ARM.attributes
                0x0000000000000050       0x32 ./Src/Q_BSP.o
 .ARM.attributes
                0x0000000000000082       0x32 ./Src/Q_delay.o
 .ARM.attributes
                0x00000000000000b4       0x32 ./Src/main.o
 .ARM.attributes
                0x00000000000000e6       0x21 ./Startup/startup_stm32h743zitx.o
 .ARM.attributes
                0x0000000000000107       0x32 C:/ST/STM32CubeIDE_1.13.2/STM32CubeIDE/plugins/com.st.stm32cube.ide.mcu.externaltools.gnu-tools-for-stm32.11.3.rel1.win32_1.1.1.202309131626/tools/bin/../lib/gcc/arm-none-eabi/11.3.1/../../../../arm-none-eabi/lib/thumb/v7e-m+dp/hard\libc_nano.a(libc_a-init.o)
 .ARM.attributes
                0x0000000000000139       0x1e C:/ST/STM32CubeIDE_1.13.2/STM32CubeIDE/plugins/com.st.stm32cube.ide.mcu.externaltools.gnu-tools-for-stm32.11.3.rel1.win32_1.1.1.202309131626/tools/bin/../lib/gcc/arm-none-eabi/11.3.1/thumb/v7e-m+dp/hard/crtn.o
OUTPUT(test_project_2.elf elf32-littlearm)
LOAD linker stubs
LOAD C:/ST/STM32CubeIDE_1.13.2/STM32CubeIDE/plugins/com.st.stm32cube.ide.mcu.externaltools.gnu-tools-for-stm32.11.3.rel1.win32_1.1.1.202309131626/tools/bin/../lib/gcc/arm-none-eabi/11.3.1/../../../../arm-none-eabi/lib/thumb/v7e-m+dp/hard\libc.a
LOAD C:/ST/STM32CubeIDE_1.13.2/STM32CubeIDE/plugins/com.st.stm32cube.ide.mcu.externaltools.gnu-tools-for-stm32.11.3.rel1.win32_1.1.1.202309131626/tools/bin/../lib/gcc/arm-none-eabi/11.3.1/../../../../arm-none-eabi/lib/thumb/v7e-m+dp/hard\libm.a
LOAD C:/ST/STM32CubeIDE_1.13.2/STM32CubeIDE/plugins/com.st.stm32cube.ide.mcu.externaltools.gnu-tools-for-stm32.11.3.rel1.win32_1.1.1.202309131626/tools/bin/../lib/gcc/arm-none-eabi/11.3.1/thumb/v7e-m+dp/hard\libgcc.a

.comment        0x0000000000000000       0x43
 .comment       0x0000000000000000       0x43 C:/ST/STM32CubeIDE_1.13.2/STM32CubeIDE/plugins/com.st.stm32cube.ide.mcu.externaltools.gnu-tools-for-stm32.11.3.rel1.win32_1.1.1.202309131626/tools/bin/../lib/gcc/arm-none-eabi/11.3.1/thumb/v7e-m+dp/hard/crtbegin.o
                                         0x44 (size before relaxing)
 .comment       0x0000000000000043       0x44 ./Src/Q_BSP.o
 .comment       0x0000000000000043       0x44 ./Src/Q_delay.o
 .comment       0x0000000000000043       0x44 ./Src/main.o

.debug_info     0x0000000000000000      0x795
 .debug_info    0x0000000000000000      0x540 ./Src/Q_BSP.o
 .debug_info    0x0000000000000540      0x130 ./Src/Q_delay.o
 .debug_info    0x0000000000000670      0x102 ./Src/main.o
 .debug_info    0x0000000000000772       0x23 ./Startup/startup_stm32h743zitx.o

.debug_abbrev   0x0000000000000000      0x2c2
 .debug_abbrev  0x0000000000000000      0x11c ./Src/Q_BSP.o
 .debug_abbrev  0x000000000000011c       0xe3 ./Src/Q_delay.o
 .debug_abbrev  0x00000000000001ff       0xb1 ./Src/main.o
 .debug_abbrev  0x00000000000002b0       0x12 ./Startup/startup_stm32h743zitx.o

.debug_aranges  0x0000000000000000       0xa8
 .debug_aranges
                0x0000000000000000       0x30 ./Src/Q_BSP.o
 .debug_aranges
                0x0000000000000030       0x30 ./Src/Q_delay.o
 .debug_aranges
                0x0000000000000060       0x20 ./Src/main.o
 .debug_aranges
                0x0000000000000080       0x28 ./Startup/startup_stm32h743zitx.o

.debug_rnglists
                0x0000000000000000       0x6c
 .debug_rnglists
                0x0000000000000000       0x21 ./Src/Q_BSP.o
 .debug_rnglists
                0x0000000000000021       0x1f ./Src/Q_delay.o
 .debug_rnglists
                0x0000000000000040       0x13 ./Src/main.o
 .debug_rnglists
                0x0000000000000053       0x19 ./Startup/startup_stm32h743zitx.o

.debug_macro    0x0000000000000000    0x28103
 .debug_macro   0x0000000000000000       0xd5 ./Src/Q_BSP.o
 .debug_macro   0x00000000000000d5      0xacc ./Src/Q_BSP.o
 .debug_macro   0x0000000000000ba1       0x22 ./Src/Q_BSP.o
 .debug_macro   0x0000000000000bc3       0x8e ./Src/Q_BSP.o
 .debug_macro   0x0000000000000c51       0x51 ./Src/Q_BSP.o
 .debug_macro   0x0000000000000ca2      0x103 ./Src/Q_BSP.o
 .debug_macro   0x0000000000000da5       0x6a ./Src/Q_BSP.o
 .debug_macro   0x0000000000000e0f      0x1df ./Src/Q_BSP.o
 .debug_macro   0x0000000000000fee       0x3b ./Src/Q_BSP.o
 .debug_macro   0x0000000000001029       0x1c ./Src/Q_BSP.o
 .debug_macro   0x0000000000001045       0x22 ./Src/Q_BSP.o
 .debug_macro   0x0000000000001067       0xfb ./Src/Q_BSP.o
 .debug_macro   0x0000000000001162     0x1305 ./Src/Q_BSP.o
 .debug_macro   0x0000000000002467      0x11f ./Src/Q_BSP.o
 .debug_macro   0x0000000000002586       0x27 ./Src/Q_BSP.o
 .debug_macro   0x00000000000025ad    0x25882 ./Src/Q_BSP.o
 .debug_macro   0x0000000000027e2f       0xe8 ./Src/Q_BSP.o
 .debug_macro   0x0000000000027f17       0x16 ./Src/Q_BSP.o
 .debug_macro   0x0000000000027f2d       0xcc ./Src/Q_delay.o
 .debug_macro   0x0000000000027ff9       0x10 ./Src/Q_delay.o
 .debug_macro   0x0000000000028009       0xde ./Src/main.o
 .debug_macro   0x00000000000280e7       0x1c ./Src/main.o

.debug_line     0x0000000000000000     0x103c
 .debug_line    0x0000000000000000      0x597 ./Src/Q_BSP.o
 .debug_line    0x0000000000000597      0x513 ./Src/Q_delay.o
 .debug_line    0x0000000000000aaa      0x517 ./Src/main.o
 .debug_line    0x0000000000000fc1       0x7b ./Startup/startup_stm32h743zitx.o

.debug_str      0x0000000000000000    0xe59f9
 .debug_str     0x0000000000000000    0xe590b ./Src/Q_BSP.o
                                      0xe5b1c (size before relaxing)
 .debug_str     0x00000000000e590b       0xa3 ./Src/Q_delay.o
                                      0xe56ec (size before relaxing)
 .debug_str     0x00000000000e59ae       0x1c ./Src/main.o
                                      0xe5913 (size before relaxing)
 .debug_str     0x00000000000e59ca       0x2f ./Startup/startup_stm32h743zitx.o
                                         0x80 (size before relaxing)

.debug_frame    0x0000000000000000      0x150
 .debug_frame   0x0000000000000000       0x80 ./Src/Q_BSP.o
 .debug_frame   0x0000000000000080       0x78 ./Src/Q_delay.o
 .debug_frame   0x00000000000000f8       0x2c ./Src/main.o
 .debug_frame   0x0000000000000124       0x2c C:/ST/STM32CubeIDE_1.13.2/STM32CubeIDE/plugins/com.st.stm32cube.ide.mcu.externaltools.gnu-tools-for-stm32.11.3.rel1.win32_1.1.1.202309131626/tools/bin/../lib/gcc/arm-none-eabi/11.3.1/../../../../arm-none-eabi/lib/thumb/v7e-m+dp/hard\libc_nano.a(libc_a-init.o)

.debug_line_str
                0x0000000000000000       0x74
 .debug_line_str
                0x0000000000000000       0x74 ./Startup/startup_stm32h743zitx.o
                                         0x8c (size before relaxing)
