******************************************************************************
                  TI ARM Linker PC v20.2.7                     
******************************************************************************
>> Linked Wed Nov  8 10:54:35 2023

OUTPUT FILE NAME:   <DMA_TEST_WITH_TI_SW.out>
ENTRY POINT SYMBOL: "_c_int00_noargs"  address: 0000057d


MEMORY CONFIGURATION

         name            origin    length      used     unused   attr    fill
----------------------  --------  ---------  --------  --------  ----  --------
  FLASH                 00000000   00020000  00000684  0001f97c  R  X
  SRAM                  20000000   00008000  00000800  00007800  RW X


SEGMENT ALLOCATION MAP

run origin  load origin   length   init length attrs members
----------  ----------- ---------- ----------- ----- -------
00000000    00000000    00000688   00000688    r-x
  00000000    00000000    0000026c   0000026c    r-- .intvecs
  0000026c    0000026c    000003e0   000003e0    r-x .text
  00000650    00000650    00000038   00000038    r-- .cinit
20000000    20000000    00000800   00000000    rw-
  20000000    20000000    00000500   00000000    rw- .bss
  20000500    20000500    00000200   00000000    rw- .stack
  20000700    20000700    00000100   00000000    rw- .data


SECTION ALLOCATION MAP

 output                                  attributes/
section   page    origin      length       input sections
--------  ----  ----------  ----------   ----------------
.intvecs   0    00000000    0000026c     
                  00000000    0000026c     tm4c123ge6pm_startup_ccs.obj (.intvecs)

.text      0    0000026c    000003e0     
                  0000026c    0000009c     rtsv7M4_T_le_v4SPD16_eabi.lib : memcpy_t2.asm.obj (.text)
                  00000308    0000007c     driverlib.lib : udma.obj (.text:uDMAChannelTransferSet)
                  00000384    0000007a     rtsv7M4_T_le_v4SPD16_eabi.lib : memset_t2.asm.obj (.text)
                  000003fe    00000068                                   : copy_decompress_lzss.c.obj (.text:decompress:lzss:__TI_decompress_lzss)
                  00000466    00000002     --HOLE-- [fill = 0]
                  00000468    00000054     main.obj (.text)
                  000004bc    00000048     driverlib.lib : udma.obj (.text:uDMAChannelAttributeDisable)
                  00000504    00000044     rtsv7M4_T_le_v4SPD16_eabi.lib : autoinit.c.obj (.text:__TI_auto_init_nobinit_nopinit:__TI_auto_init_nobinit_nopinit)
                  00000548    00000034     driverlib.lib : sysctl.obj (.text:SysCtlPeripheralEnable)
                  0000057c    00000034     rtsv7M4_T_le_v4SPD16_eabi.lib : boot_cortex_m.c.obj (.text:_c_int00_noargs:_c_int00_noargs)
                  000005b0    00000024     driverlib.lib : udma.obj (.text:uDMAChannelControlSet)
                  000005d4    00000018                   : udma.obj (.text:uDMAChannelEnable)
                  000005ec    00000014                   : udma.obj (.text:uDMAChannelRequest)
                  00000600    00000010                   : udma.obj (.text:uDMAEnable)
                  00000610    0000000e     rtsv7M4_T_le_v4SPD16_eabi.lib : copy_decompress_none.c.obj (.text:decompress:none:__TI_decompress_none)
                  0000061e    0000000c                                   : copy_zero_init.c.obj (.text:decompress:ZI:__TI_zero_init)
                  0000062a    0000000c     tm4c123ge6pm_startup_ccs.obj (.text)
                  00000636    00000002     --HOLE-- [fill = 0]
                  00000638    0000000c     driverlib.lib : udma.obj (.text:uDMAControlBaseSet)
                  00000644    00000004     rtsv7M4_T_le_v4SPD16_eabi.lib : pre_init.c.obj (.text:_system_pre_init)
                  00000648    00000004                                   : exit.c.obj (.text:abort:abort)

.cinit     0    00000650    00000038     
                  00000650    00000012     (.cinit..data.load) [load image, compression = lzss]
                  00000662    00000002     --HOLE-- [fill = 0]
                  00000664    0000000c     (__TI_handler_table)
                  00000670    00000008     (.cinit..bss.load) [load image, compression = zero_init]
                  00000678    00000010     (__TI_cinit_table)

.init_array 
*          0    00000000    00000000     UNINITIALIZED

.bss       0    20000000    00000500     UNINITIALIZED
                  20000000    00000400     (.common:DMA_Control_Table)
                  20000400    00000100     (.common:Dest_Buffer)

.data      0    20000700    00000100     UNINITIALIZED
                  20000700    00000100     main.obj (.data:Source_Buffer)

.stack     0    20000500    00000200     UNINITIALIZED
                  20000500    00000004     rtsv7M4_T_le_v4SPD16_eabi.lib : boot_cortex_m.c.obj (.stack)
                  20000504    000001fc     --HOLE--

__llvm_prf_cnts 
*          0    20000000    00000000     UNINITIALIZED

MODULE SUMMARY

       Module                         code   ro data   rw data
       ------                         ----   -------   -------
    .\
       main.obj                       84     0         1536   
       tm4c123ge6pm_startup_ccs.obj   12     620       0      
    +--+------------------------------+------+---------+---------+
       Total:                         96     620       1536   
                                                              
    C:/ti/TivaWare_C_Series-2.2.0.295/driverlib/ccs/Debug/driverlib.lib
       udma.obj                       304    0         0      
       sysctl.obj                     52     0         0      
    +--+------------------------------+------+---------+---------+
       Total:                         356    0         0      
                                                              
    C:\ti\ccs1250\ccs\tools\compiler\ti-cgt-arm_20.2.7.LTS\lib\rtsv7M4_T_le_v4SPD16_eabi.lib
       memcpy_t2.asm.obj              156    0         0      
       memset_t2.asm.obj              122    0         0      
       copy_decompress_lzss.c.obj     104    0         0      
       autoinit.c.obj                 68     0         0      
       boot_cortex_m.c.obj            52     0         0      
       copy_decompress_none.c.obj     14     0         0      
       copy_zero_init.c.obj           12     0         0      
       exit.c.obj                     4      0         0      
       pre_init.c.obj                 4      0         0      
    +--+------------------------------+------+---------+---------+
       Total:                         536    0         0      
                                                              
       Stack:                         0      0         512    
       Linker Generated:              0      54        0      
    +--+------------------------------+------+---------+---------+
       Grand Total:                   988    674       2048   


LINKER GENERATED COPY TABLES

__TI_cinit_table @ 00000678 records: 2, size/record: 8, table size: 16
	.data: load addr=00000650, load size=00000012 bytes, run addr=20000700, run size=00000100 bytes, compression=lzss
	.bss: load addr=00000670, load size=00000008 bytes, run addr=20000000, run size=00000500 bytes, compression=zero_init


LINKER GENERATED HANDLER TABLE

__TI_handler_table @ 00000664 records: 3, size/record: 4, table size: 12
	index: 0, handler: __TI_decompress_lzss
	index: 1, handler: __TI_decompress_none
	index: 2, handler: __TI_zero_init


GLOBAL SYMBOLS: SORTED ALPHABETICALLY BY Name 

address   name                          
-------   ----                          
00000649  C$$EXIT                       
20000000  DMA_Control_Table             
20000400  Dest_Buffer                   
0000062b  ResetISR                      
20000700  Source_Buffer                 
00000549  SysCtlPeripheralEnable        
20000700  __STACK_END                   
00000200  __STACK_SIZE                  
20000700  __STACK_TOP                   
00000678  __TI_CINIT_Base               
00000688  __TI_CINIT_Limit              
00000664  __TI_Handler_Table_Base       
00000670  __TI_Handler_Table_Limit      
00000505  __TI_auto_init_nobinit_nopinit
000003ff  __TI_decompress_lzss          
00000611  __TI_decompress_none          
ffffffff  __TI_pprof_out_hndl           
ffffffff  __TI_prof_data_size           
ffffffff  __TI_prof_data_start          
00000000  __TI_static_base__            
0000061f  __TI_zero_init                
00000385  __aeabi_memclr                
00000385  __aeabi_memclr4               
00000385  __aeabi_memclr8               
0000026d  __aeabi_memcpy                
0000026d  __aeabi_memcpy4               
0000026d  __aeabi_memcpy8               
00000387  __aeabi_memset                
00000387  __aeabi_memset4               
00000387  __aeabi_memset8               
ffffffff  __binit__                     
ffffffff  __c_args__                    
UNDEFED   __mpu_init                    
20000500  __stack                       
20000000  __start___llvm_prf_cnts       
20000000  __stop___llvm_prf_cnts        
0000057d  _c_int00_noargs               
UNDEFED   _system_post_cinit            
00000645  _system_pre_init              
00000649  abort                         
ffffffff  binit                         
00000000  g_pfnVectors                  
00000469  main                          
0000026d  memcpy                        
0000038d  memset                        
000004bd  uDMAChannelAttributeDisable   
000005b1  uDMAChannelControlSet         
000005d5  uDMAChannelEnable             
000005ed  uDMAChannelRequest            
00000309  uDMAChannelTransferSet        
00000639  uDMAControlBaseSet            
00000601  uDMAEnable                    


GLOBAL SYMBOLS: SORTED BY Symbol Address 

address   name                          
-------   ----                          
00000000  __TI_static_base__            
00000000  g_pfnVectors                  
00000200  __STACK_SIZE                  
0000026d  __aeabi_memcpy                
0000026d  __aeabi_memcpy4               
0000026d  __aeabi_memcpy8               
0000026d  memcpy                        
00000309  uDMAChannelTransferSet        
00000385  __aeabi_memclr                
00000385  __aeabi_memclr4               
00000385  __aeabi_memclr8               
00000387  __aeabi_memset                
00000387  __aeabi_memset4               
00000387  __aeabi_memset8               
0000038d  memset                        
000003ff  __TI_decompress_lzss          
00000469  main                          
000004bd  uDMAChannelAttributeDisable   
00000505  __TI_auto_init_nobinit_nopinit
00000549  SysCtlPeripheralEnable        
0000057d  _c_int00_noargs               
000005b1  uDMAChannelControlSet         
000005d5  uDMAChannelEnable             
000005ed  uDMAChannelRequest            
00000601  uDMAEnable                    
00000611  __TI_decompress_none          
0000061f  __TI_zero_init                
0000062b  ResetISR                      
00000639  uDMAControlBaseSet            
00000645  _system_pre_init              
00000649  C$$EXIT                       
00000649  abort                         
00000664  __TI_Handler_Table_Base       
00000670  __TI_Handler_Table_Limit      
00000678  __TI_CINIT_Base               
00000688  __TI_CINIT_Limit              
20000000  DMA_Control_Table             
20000000  __start___llvm_prf_cnts       
20000000  __stop___llvm_prf_cnts        
20000400  Dest_Buffer                   
20000500  __stack                       
20000700  Source_Buffer                 
20000700  __STACK_END                   
20000700  __STACK_TOP                   
ffffffff  __TI_pprof_out_hndl           
ffffffff  __TI_prof_data_size           
ffffffff  __TI_prof_data_start          
ffffffff  __binit__                     
ffffffff  __c_args__                    
ffffffff  binit                         
UNDEFED   __mpu_init                    
UNDEFED   _system_post_cinit            

[52 symbols]
