******************************************************************************
                  TI ARM Linker PC v20.2.7                     
******************************************************************************
>> Linked Mon Oct 16 17:32:42 2023

OUTPUT FILE NAME:   <UART.out>
ENTRY POINT SYMBOL: "_c_int00_noargs"  address: 0000061d


MEMORY CONFIGURATION

         name            origin    length      used     unused   attr    fill
----------------------  --------  ---------  --------  --------  ----  --------
  FLASH                 00000000   00020000  000006a7  0001f959  R  X
  SRAM                  20000000   00008000  00000204  00007dfc  RW X


SEGMENT ALLOCATION MAP

run origin  load origin   length   init length attrs members
----------  ----------- ---------- ----------- ----- -------
00000000    00000000    000006a8   000006a8    r-x
  00000000    00000000    0000026c   0000026c    r-- .intvecs
  0000026c    0000026c    00000406   00000406    r-x .text
  00000672    00000672    0000001d   0000001d    r-- .const
  00000690    00000690    00000018   00000018    r-- .cinit
20000000    20000000    00000204   00000000    rw-
  20000000    20000000    00000200   00000000    rw- .stack
  20000200    20000200    00000004   00000000    rw- .data


SECTION ALLOCATION MAP

 output                                  attributes/
section   page    origin      length       input sections
--------  ----  ----------  ----------   ----------------
.intvecs   0    00000000    0000026c     
                  00000000    0000026c     tm4c123ge6pm_startup_ccs_SI_V1.0.obj (.intvecs)

.text      0    0000026c    00000406     
                  0000026c    00000110     Q_driver.lib : Q_BSP.obj (.text)
                  0000037c    000000d0                  : Q_UART.obj (.text)
                  0000044c    0000009c     rtsv7M4_T_le_v4SPD16_eabi.lib : memcpy_t2.asm.obj (.text)
                  000004e8    00000068                                   : copy_decompress_lzss.c.obj (.text:decompress:lzss:__TI_decompress_lzss)
                  00000550    0000004c     Q_driver.lib : Q_delay.obj (.text)
                  0000059c    00000044     rtsv7M4_T_le_v4SPD16_eabi.lib : autoinit.c.obj (.text:__TI_auto_init_nobinit_nopinit:__TI_auto_init_nobinit_nopinit)
                  000005e0    0000003c     main.obj (.text)
                  0000061c    00000034     rtsv7M4_T_le_v4SPD16_eabi.lib : boot_cortex_m.c.obj (.text:_c_int00_noargs:_c_int00_noargs)
                  00000650    0000000e                                   : copy_decompress_none.c.obj (.text:decompress:none:__TI_decompress_none)
                  0000065e    0000000c     tm4c123ge6pm_startup_ccs_SI_V1.0.obj (.text)
                  0000066a    00000004     rtsv7M4_T_le_v4SPD16_eabi.lib : pre_init.c.obj (.text:_system_pre_init)
                  0000066e    00000004                                   : exit.c.obj (.text:abort:abort)

.const     0    00000672    0000001d     
                  00000672    0000001d     main.obj (.const:.string:$P$T0$1)

.cinit     0    00000690    00000018     
                  00000690    00000008     (__TI_handler_table)
                  00000698    00000007     (.cinit..data.load) [load image, compression = lzss]
                  0000069f    00000001     --HOLE-- [fill = 0]
                  000006a0    00000008     (__TI_cinit_table)

.init_array 
*          0    00000000    00000000     UNINITIALIZED

.data      0    20000200    00000004     UNINITIALIZED
                  20000200    00000004     Q_driver.lib : Q_delay.obj (.data)

.stack     0    20000000    00000200     UNINITIALIZED
                  20000000    00000004     rtsv7M4_T_le_v4SPD16_eabi.lib : boot_cortex_m.c.obj (.stack)
                  20000004    000001fc     --HOLE--

__llvm_prf_cnts 
*          0    20000000    00000000     UNINITIALIZED

MODULE SUMMARY

       Module                                 code   ro data   rw data
       ------                                 ----   -------   -------
    .\
       tm4c123ge6pm_startup_ccs_SI_V1.0.obj   12     620       0      
       main.obj                               60     29        0      
    +--+--------------------------------------+------+---------+---------+
       Total:                                 72     649       0      
                                                                      
    C:/Users/sislam/WORK/Microcontroller/TI_TM4C123G/Code/Q_driver/Debug/Q_driver.lib
       Q_BSP.obj                              272    0         0      
       Q_UART.obj                             208    0         0      
       Q_delay.obj                            76     0         4      
    +--+--------------------------------------+------+---------+---------+
       Total:                                 556    0         4      
                                                                      
    C:\ti\ccs1250\ccs\tools\compiler\ti-cgt-arm_20.2.7.LTS\lib\rtsv7M4_T_le_v4SPD16_eabi.lib
       memcpy_t2.asm.obj                      156    0         0      
       copy_decompress_lzss.c.obj             104    0         0      
       autoinit.c.obj                         68     0         0      
       boot_cortex_m.c.obj                    52     0         0      
       copy_decompress_none.c.obj             14     0         0      
       exit.c.obj                             4      0         0      
       pre_init.c.obj                         4      0         0      
    +--+--------------------------------------+------+---------+---------+
       Total:                                 402    0         0      
                                                                      
       Stack:                                 0      0         512    
       Linker Generated:                      0      23        0      
    +--+--------------------------------------+------+---------+---------+
       Grand Total:                           1030   672       516    


LINKER GENERATED COPY TABLES

__TI_cinit_table @ 000006a0 records: 1, size/record: 8, table size: 8
	.data: load addr=00000698, load size=00000007 bytes, run addr=20000200, run size=00000004 bytes, compression=lzss


LINKER GENERATED HANDLER TABLE

__TI_handler_table @ 00000690 records: 2, size/record: 4, table size: 8
	index: 0, handler: __TI_decompress_lzss
	index: 1, handler: __TI_decompress_none


GLOBAL SYMBOLS: SORTED ALPHABETICALLY BY Name 

address   name                          
-------   ----                          
0000066f  C$$EXIT                       
0000065f  ResetISR                      
00000585  SysTick_Handler               
00000575  SysTick_Init                  
20000200  __STACK_END                   
00000200  __STACK_SIZE                  
20000200  __STACK_TOP                   
000006a0  __TI_CINIT_Base               
000006a8  __TI_CINIT_Limit              
00000690  __TI_Handler_Table_Base       
00000698  __TI_Handler_Table_Limit      
0000059d  __TI_auto_init_nobinit_nopinit
000004e9  __TI_decompress_lzss          
00000651  __TI_decompress_none          
ffffffff  __TI_pprof_out_hndl           
ffffffff  __TI_prof_data_size           
ffffffff  __TI_prof_data_start          
00000000  __TI_static_base__            
0000044d  __aeabi_memcpy                
0000044d  __aeabi_memcpy4               
0000044d  __aeabi_memcpy8               
ffffffff  __binit__                     
ffffffff  __c_args__                    
UNDEFED   __mpu_init                    
20000000  __stack                       
20000000  __start___llvm_prf_cnts       
20000000  __stop___llvm_prf_cnts        
0000061d  _c_int00_noargs               
20000200  _ms_counter                   
UNDEFED   _system_post_cinit            
0000066b  _system_pre_init              
0000066f  abort                         
ffffffff  binit                         
0000026d  bsp_init                      
00000551  delay                         
00000000  g_pfnVectors                  
0000035f  get_button_status             
0000028d  led                           
000005e1  main                          
0000044d  memcpy                        
0000037d  uart0_init                    
000003e5  uart0_putc                    
00000401  uart0_puts                    


GLOBAL SYMBOLS: SORTED BY Symbol Address 

address   name                          
-------   ----                          
00000000  __TI_static_base__            
00000000  g_pfnVectors                  
00000200  __STACK_SIZE                  
0000026d  bsp_init                      
0000028d  led                           
0000035f  get_button_status             
0000037d  uart0_init                    
000003e5  uart0_putc                    
00000401  uart0_puts                    
0000044d  __aeabi_memcpy                
0000044d  __aeabi_memcpy4               
0000044d  __aeabi_memcpy8               
0000044d  memcpy                        
000004e9  __TI_decompress_lzss          
00000551  delay                         
00000575  SysTick_Init                  
00000585  SysTick_Handler               
0000059d  __TI_auto_init_nobinit_nopinit
000005e1  main                          
0000061d  _c_int00_noargs               
00000651  __TI_decompress_none          
0000065f  ResetISR                      
0000066b  _system_pre_init              
0000066f  C$$EXIT                       
0000066f  abort                         
00000690  __TI_Handler_Table_Base       
00000698  __TI_Handler_Table_Limit      
000006a0  __TI_CINIT_Base               
000006a8  __TI_CINIT_Limit              
20000000  __stack                       
20000000  __start___llvm_prf_cnts       
20000000  __stop___llvm_prf_cnts        
20000200  __STACK_END                   
20000200  __STACK_TOP                   
20000200  _ms_counter                   
ffffffff  __TI_pprof_out_hndl           
ffffffff  __TI_prof_data_size           
ffffffff  __TI_prof_data_start          
ffffffff  __binit__                     
ffffffff  __c_args__                    
ffffffff  binit                         
UNDEFED   __mpu_init                    
UNDEFED   _system_post_cinit            

[43 symbols]
