******************************************************************************
                  TI ARM Linker PC v20.2.7                     
******************************************************************************
>> Linked Fri Oct 13 15:34:02 2023

OUTPUT FILE NAME:   <UART.out>
ENTRY POINT SYMBOL: "_c_int00_noargs"  address: 000004f5


MEMORY CONFIGURATION

         name            origin    length      used     unused   attr    fill
----------------------  --------  ---------  --------  --------  ----  --------
  FLASH                 00000000   00020000  00000562  0001fa9e  R  X
  SRAM                  20000000   00008000  00000204  00007dfc  RW X


SEGMENT ALLOCATION MAP

run origin  load origin   length   init length attrs members
----------  ----------- ---------- ----------- ----- -------
00000000    00000000    00000568   00000568    r-x
  00000000    00000000    0000026c   0000026c    r-- .intvecs
  0000026c    0000026c    000002de   000002de    r-x .text
  00000550    00000550    00000018   00000018    r-- .cinit
20000000    20000000    00000204   00000000    rw-
  20000000    20000000    00000200   00000000    rw- .stack
  20000200    20000200    00000004   00000000    rw- .data


SECTION ALLOCATION MAP

 output                                  attributes/
section   page    origin      length       input sections
--------  ----  ----------  ----------   ----------------
.intvecs   0    00000000    0000026c     
                  00000000    0000026c     tm4c123ge6pm_startup_ccs_SI_V1.0.obj (.intvecs)

.text      0    0000026c    000002de     
                  0000026c    000000f4     main.obj (.text)
                  00000360    0000009c     rtsv7M4_T_le_v4SPD16_eabi.lib : memcpy_t2.asm.obj (.text)
                  000003fc    00000068                                   : copy_decompress_lzss.c.obj (.text:decompress:lzss:__TI_decompress_lzss)
                  00000464    0000004c     Q_delay.obj (.text)
                  000004b0    00000044     rtsv7M4_T_le_v4SPD16_eabi.lib : autoinit.c.obj (.text:__TI_auto_init_nobinit_nopinit:__TI_auto_init_nobinit_nopinit)
                  000004f4    00000034                                   : boot_cortex_m.c.obj (.text:_c_int00_noargs:_c_int00_noargs)
                  00000528    0000000e                                   : copy_decompress_none.c.obj (.text:decompress:none:__TI_decompress_none)
                  00000536    0000000c     tm4c123ge6pm_startup_ccs_SI_V1.0.obj (.text)
                  00000542    00000004     rtsv7M4_T_le_v4SPD16_eabi.lib : pre_init.c.obj (.text:_system_pre_init)
                  00000546    00000004                                   : exit.c.obj (.text:abort:abort)

.cinit     0    00000550    00000018     
                  00000550    00000008     (__TI_handler_table)
                  00000558    00000007     (.cinit..data.load) [load image, compression = lzss]
                  0000055f    00000001     --HOLE-- [fill = 0]
                  00000560    00000008     (__TI_cinit_table)

.init_array 
*          0    00000000    00000000     UNINITIALIZED

.data      0    20000200    00000004     UNINITIALIZED
                  20000200    00000004     Q_delay.obj (.data)

.stack     0    20000000    00000200     UNINITIALIZED
                  20000000    00000004     rtsv7M4_T_le_v4SPD16_eabi.lib : boot_cortex_m.c.obj (.stack)
                  20000004    000001fc     --HOLE--

__llvm_prf_cnts 
*          0    20000000    00000000     UNINITIALIZED

MODULE SUMMARY

       Module                                 code   ro data   rw data
       ------                                 ----   -------   -------
    .\
       tm4c123ge6pm_startup_ccs_SI_V1.0.obj   12     620       0      
       main.obj                               244    0         0      
    +--+--------------------------------------+------+---------+---------+
       Total:                                 256    620       0      
                                                                      
    .\Q_delay\
       Q_delay.obj                            76     0         4      
    +--+--------------------------------------+------+---------+---------+
       Total:                                 76     0         4      
                                                                      
    C:\ti\ccs1250\ccs\tools\compiler\ti-cgt-arm_20.2.7.LTS\lib\rtsv7M4_T_le_v4SPD16_eabi.lib
       memcpy_t2.asm.obj                      156    0         0      
       copy_decompress_lzss.c.obj             104    0         0      
       autoinit.c.obj                         68     0         0      
       boot_cortex_m.c.obj                    52     0         0      
       copy_decompress_none.c.obj             14     0         0      
       exit.c.obj                             4      0         0      
       pre_init.c.obj                         4      0         0      
    +--+--------------------------------------+------+---------+---------+
       Total:                                 402    0         0      
                                                                      
       Stack:                                 0      0         512    
       Linker Generated:                      0      23        0      
    +--+--------------------------------------+------+---------+---------+
       Grand Total:                           734    643       516    


LINKER GENERATED COPY TABLES

__TI_cinit_table @ 00000560 records: 1, size/record: 8, table size: 8
	.data: load addr=00000558, load size=00000007 bytes, run addr=20000200, run size=00000004 bytes, compression=lzss


LINKER GENERATED HANDLER TABLE

__TI_handler_table @ 00000550 records: 2, size/record: 4, table size: 8
	index: 0, handler: __TI_decompress_lzss
	index: 1, handler: __TI_decompress_none


GLOBAL SYMBOLS: SORTED ALPHABETICALLY BY Name 

address   name                          
-------   ----                          
00000547  C$$EXIT                       
00000537  ResetISR                      
00000499  SysTick_Handler               
00000489  SysTick_Init                  
20000200  __STACK_END                   
00000200  __STACK_SIZE                  
20000200  __STACK_TOP                   
00000560  __TI_CINIT_Base               
00000568  __TI_CINIT_Limit              
00000550  __TI_Handler_Table_Base       
00000558  __TI_Handler_Table_Limit      
000004b1  __TI_auto_init_nobinit_nopinit
000003fd  __TI_decompress_lzss          
00000529  __TI_decompress_none          
ffffffff  __TI_pprof_out_hndl           
ffffffff  __TI_prof_data_size           
ffffffff  __TI_prof_data_start          
00000000  __TI_static_base__            
00000361  __aeabi_memcpy                
00000361  __aeabi_memcpy4               
00000361  __aeabi_memcpy8               
ffffffff  __binit__                     
ffffffff  __c_args__                    
UNDEFED   __mpu_init                    
20000000  __stack                       
20000000  __start___llvm_prf_cnts       
20000000  __stop___llvm_prf_cnts        
000004f5  _c_int00_noargs               
20000200  _ms_counter                   
UNDEFED   _system_post_cinit            
00000543  _system_pre_init              
00000547  abort                         
ffffffff  binit                         
00000465  delay                         
00000000  g_pfnVectors                  
0000026d  main                          
00000361  memcpy                        


GLOBAL SYMBOLS: SORTED BY Symbol Address 

address   name                          
-------   ----                          
00000000  __TI_static_base__            
00000000  g_pfnVectors                  
00000200  __STACK_SIZE                  
0000026d  main                          
00000361  __aeabi_memcpy                
00000361  __aeabi_memcpy4               
00000361  __aeabi_memcpy8               
00000361  memcpy                        
000003fd  __TI_decompress_lzss          
00000465  delay                         
00000489  SysTick_Init                  
00000499  SysTick_Handler               
000004b1  __TI_auto_init_nobinit_nopinit
000004f5  _c_int00_noargs               
00000529  __TI_decompress_none          
00000537  ResetISR                      
00000543  _system_pre_init              
00000547  C$$EXIT                       
00000547  abort                         
00000550  __TI_Handler_Table_Base       
00000558  __TI_Handler_Table_Limit      
00000560  __TI_CINIT_Base               
00000568  __TI_CINIT_Limit              
20000000  __stack                       
20000000  __start___llvm_prf_cnts       
20000000  __stop___llvm_prf_cnts        
20000200  __STACK_END                   
20000200  __STACK_TOP                   
20000200  _ms_counter                   
ffffffff  __TI_pprof_out_hndl           
ffffffff  __TI_prof_data_size           
ffffffff  __TI_prof_data_start          
ffffffff  __binit__                     
ffffffff  __c_args__                    
ffffffff  binit                         
UNDEFED   __mpu_init                    
UNDEFED   _system_post_cinit            

[37 symbols]
