******************************************************************************
                  TI ARM Linker PC v20.2.7                     
******************************************************************************
>> Linked Wed Oct 25 10:58:01 2023

OUTPUT FILE NAME:   <project_template.out>
ENTRY POINT SYMBOL: "_c_int00_noargs"  address: 0000047d


MEMORY CONFIGURATION

         name            origin    length      used     unused   attr    fill
----------------------  --------  ---------  --------  --------  ----  --------
  FLASH                 00000000   00020000  0000051e  0001fae2  R  X
  SRAM                  20000000   00008000  00000208  00007df8  RW X


SEGMENT ALLOCATION MAP

run origin  load origin   length   init length attrs members
----------  ----------- ---------- ----------- ----- -------
00000000    00000000    00000520   00000520    r-x
  00000000    00000000    0000026c   0000026c    r-- .intvecs
  0000026c    0000026c    00000282   00000282    r-x .text
  000004f0    000004f0    00000030   00000030    r-- .cinit
20000000    20000000    00000208   00000000    rw-
  20000000    20000000    00000200   00000000    rw- .stack
  20000200    20000200    00000004   00000000    rw- .bss
  20000204    20000204    00000004   00000000    rw- .data


SECTION ALLOCATION MAP

 output                                  attributes/
section   page    origin      length       input sections
--------  ----  ----------  ----------   ----------------
.intvecs   0    00000000    0000026c     
                  00000000    0000026c     tm4c123ge6pm_startup_ccs_SI_V1.0.obj (.intvecs)

.text      0    0000026c    00000282     
                  0000026c    0000009c     rtsv7M4_T_le_v4SPD16_eabi.lib : memcpy_t2.asm.obj (.text)
                  00000308    0000007c     main.obj (.text)
                  00000384    00000068     rtsv7M4_T_le_v4SPD16_eabi.lib : copy_decompress_lzss.c.obj (.text:decompress:lzss:__TI_decompress_lzss)
                  000003ec    0000004c     Q_driver.lib : Q_delay.obj (.text)
                  00000438    00000044     rtsv7M4_T_le_v4SPD16_eabi.lib : autoinit.c.obj (.text:__TI_auto_init_nobinit_nopinit:__TI_auto_init_nobinit_nopinit)
                  0000047c    00000034                                   : boot_cortex_m.c.obj (.text:_c_int00_noargs:_c_int00_noargs)
                  000004b0    0000001c                                   : copy_zero_init.c.obj (.text:decompress:ZI:__TI_zero_init_nomemset:__TI_zero_init_nomemset)
                  000004cc    0000000e                                   : copy_decompress_none.c.obj (.text:decompress:none:__TI_decompress_none)
                  000004da    0000000c     tm4c123ge6pm_startup_ccs_SI_V1.0.obj (.text)
                  000004e6    00000004     rtsv7M4_T_le_v4SPD16_eabi.lib : pre_init.c.obj (.text:_system_pre_init)
                  000004ea    00000004                                   : exit.c.obj (.text:abort:abort)

.cinit     0    000004f0    00000030     
                  000004f0    0000000c     (__TI_handler_table)
                  000004fc    00000004     --HOLE-- [fill = 0]
                  00000500    00000008     (.cinit..bss.load) [load image, compression = zero_init]
                  00000508    00000007     (.cinit..data.load) [load image, compression = lzss]
                  0000050f    00000001     --HOLE-- [fill = 0]
                  00000510    00000010     (__TI_cinit_table)

.init_array 
*          0    00000000    00000000     UNINITIALIZED

.bss       0    20000200    00000004     UNINITIALIZED
                  20000200    00000004     (.common:i)

.data      0    20000204    00000004     UNINITIALIZED
                  20000204    00000004     Q_driver.lib : Q_delay.obj (.data)

.stack     0    20000000    00000200     UNINITIALIZED
                  20000000    00000004     rtsv7M4_T_le_v4SPD16_eabi.lib : boot_cortex_m.c.obj (.stack)
                  20000004    000001fc     --HOLE--

__llvm_prf_cnts 
*          0    20000000    00000000     UNINITIALIZED

MODULE SUMMARY

       Module                                 code   ro data   rw data
       ------                                 ----   -------   -------
    .\
       tm4c123ge6pm_startup_ccs_SI_V1.0.obj   12     620       0      
       main.obj                               124    0         4      
    +--+--------------------------------------+------+---------+---------+
       Total:                                 136    620       4      
                                                                      
    C:/Users/sislam/WORK/Microcontroller/TI_TM4C123G/Code/Q_driver/Debug/Q_driver.lib
       Q_delay.obj                            76     0         4      
    +--+--------------------------------------+------+---------+---------+
       Total:                                 76     0         4      
                                                                      
    C:\ti\ccs1250\ccs\tools\compiler\ti-cgt-arm_20.2.7.LTS\lib\rtsv7M4_T_le_v4SPD16_eabi.lib
       memcpy_t2.asm.obj                      156    0         0      
       copy_decompress_lzss.c.obj             104    0         0      
       autoinit.c.obj                         68     0         0      
       boot_cortex_m.c.obj                    52     0         0      
       copy_zero_init.c.obj                   28     0         0      
       copy_decompress_none.c.obj             14     0         0      
       exit.c.obj                             4      0         0      
       pre_init.c.obj                         4      0         0      
    +--+--------------------------------------+------+---------+---------+
       Total:                                 430    0         0      
                                                                      
       Stack:                                 0      0         512    
       Linker Generated:                      0      43        0      
    +--+--------------------------------------+------+---------+---------+
       Grand Total:                           642    663       520    


LINKER GENERATED COPY TABLES

__TI_cinit_table @ 00000510 records: 2, size/record: 8, table size: 16
	.bss: load addr=00000500, load size=00000008 bytes, run addr=20000200, run size=00000004 bytes, compression=zero_init
	.data: load addr=00000508, load size=00000007 bytes, run addr=20000204, run size=00000004 bytes, compression=lzss


LINKER GENERATED HANDLER TABLE

__TI_handler_table @ 000004f0 records: 3, size/record: 4, table size: 12
	index: 0, handler: __TI_decompress_lzss
	index: 1, handler: __TI_decompress_none
	index: 2, handler: __TI_zero_init


GLOBAL SYMBOLS: SORTED ALPHABETICALLY BY Name 

address   name                          
-------   ----                          
000004eb  C$$EXIT                       
000004db  ResetISR                      
00000421  SysTick_Handler               
00000411  SysTick_Init                  
20000200  __STACK_END                   
00000200  __STACK_SIZE                  
20000200  __STACK_TOP                   
00000510  __TI_CINIT_Base               
00000520  __TI_CINIT_Limit              
000004f0  __TI_Handler_Table_Base       
000004fc  __TI_Handler_Table_Limit      
00000439  __TI_auto_init_nobinit_nopinit
00000385  __TI_decompress_lzss          
000004cd  __TI_decompress_none          
ffffffff  __TI_pprof_out_hndl           
ffffffff  __TI_prof_data_size           
ffffffff  __TI_prof_data_start          
00000000  __TI_static_base__            
000004b1  __TI_zero_init_nomemset       
0000026d  __aeabi_memcpy                
0000026d  __aeabi_memcpy4               
0000026d  __aeabi_memcpy8               
ffffffff  __binit__                     
ffffffff  __c_args__                    
UNDEFED   __mpu_init                    
20000000  __stack                       
20000000  __start___llvm_prf_cnts       
20000000  __stop___llvm_prf_cnts        
0000047d  _c_int00_noargs               
20000204  _ms_counter                   
UNDEFED   _system_post_cinit            
000004e7  _system_pre_init              
000004eb  abort                         
ffffffff  binit                         
0000033f  delay                         
00000000  g_pfnVectors                  
20000200  i                             
00000309  main                          
0000026d  memcpy                        


GLOBAL SYMBOLS: SORTED BY Symbol Address 

address   name                          
-------   ----                          
00000000  __TI_static_base__            
00000000  g_pfnVectors                  
00000200  __STACK_SIZE                  
0000026d  __aeabi_memcpy                
0000026d  __aeabi_memcpy4               
0000026d  __aeabi_memcpy8               
0000026d  memcpy                        
00000309  main                          
0000033f  delay                         
00000385  __TI_decompress_lzss          
00000411  SysTick_Init                  
00000421  SysTick_Handler               
00000439  __TI_auto_init_nobinit_nopinit
0000047d  _c_int00_noargs               
000004b1  __TI_zero_init_nomemset       
000004cd  __TI_decompress_none          
000004db  ResetISR                      
000004e7  _system_pre_init              
000004eb  C$$EXIT                       
000004eb  abort                         
000004f0  __TI_Handler_Table_Base       
000004fc  __TI_Handler_Table_Limit      
00000510  __TI_CINIT_Base               
00000520  __TI_CINIT_Limit              
20000000  __stack                       
20000000  __start___llvm_prf_cnts       
20000000  __stop___llvm_prf_cnts        
20000200  __STACK_END                   
20000200  __STACK_TOP                   
20000200  i                             
20000204  _ms_counter                   
ffffffff  __TI_pprof_out_hndl           
ffffffff  __TI_prof_data_size           
ffffffff  __TI_prof_data_start          
ffffffff  __binit__                     
ffffffff  __c_args__                    
ffffffff  binit                         
UNDEFED   __mpu_init                    
UNDEFED   _system_post_cinit            

[39 symbols]
